// Jest Snapshot v1, https://goo.gl/fbAQLP

exports[`AddEquationForm should render correctly in "debug" mode 1`] = `
<form>
  <label>
    Name
    <input
      onChange={[Function]}
      style={
        Object {
          "border": "2px solid #ed6663",
        }
      }
      type="text"
      value=""
    />
  </label>
  <label>
    Equation
    <input
      onChange={[Function]}
      style={
        Object {
          "border": "2px solid #ed6663",
        }
      }
      type="text"
      value=""
    />
  </label>
  <input
    onClick={[Function]}
    style={
      Object {
        "backgroundColor": "white",
        "border": "1px solid",
        "color": "black",
        "cursor": "pointer",
        "padding": "5px 12px",
      }
    }
    type="button"
    value="Add Equation"
  />
</form>
`;
