// Jest Snapshot v1, https://goo.gl/fbAQLP

exports[`AddFlowForm should render correctly in "debug" mode 1`] = `
<form>
  <label>
    Flow Name
    <input
      onChange={[Function]}
      style={
        Object {
          "border": "2px solid #ed6663",
        }
      }
      type="text"
      value=""
    />
  </label>
  <label>
    From
    <input
      onChange={[Function]}
      style={null}
      type="text"
      value=""
    />
  </label>
  <label>
    To
    <input
      onChange={[Function]}
      style={null}
      type="text"
      value=""
    />
  </label>
  <input
    onClick={[Function]}
    style={
      Object {
        "backgroundColor": "white",
        "border": "1px solid",
        "color": "black",
        "cursor": "pointer",
        "padding": "5px 12px",
      }
    }
    type="button"
    value="Add Flow"
  />
</form>
`;

exports[`AddFlowForm should render correctly in "debug" mode 2`] = `
<form>
  <label>
    Flow Name
    <input
      onChange={[Function]}
      style={
        Object {
          "border": "2px solid #ed6663",
        }
      }
      type="text"
      value=""
    />
  </label>
  <label>
    From
    <input
      onChange={[Function]}
      style={null}
      type="text"
      value=""
    />
  </label>
  <label>
    To
    <input
      onChange={[Function]}
      style={null}
      type="text"
      value=""
    />
  </label>
  <input
    onClick={[Function]}
    style={
      Object {
        "backgroundColor": "white",
        "border": "1px solid",
        "color": "black",
        "cursor": "pointer",
        "padding": "5px 12px",
      }
    }
    type="button"
    value="Add Flow"
  />
</form>
`;
