// Jest Snapshot v1, https://goo.gl/fbAQLP

exports[`Toolbar should render correctly in "debug" mode 1`] = `
<div>
  <AddStockForm />
  <AddParameterForm />
  <EditStockForm />
  <AddFlowForm />
  <AddArrowForm />
  <AddEquationForm />
  <SimulateForm />
</div>
`;

exports[`Toolbar should render correctly in "debug" mode 2`] = `
<div>
  <AddStockForm />
  <AddParameterForm />
  <EditStockForm />
  <AddFlowForm />
  <AddArrowForm />
  <AddEquationForm />
  <SimulateForm />
</div>
`;
